// Jest Snapshot v1, https://goo.gl/fbAQLP

exports[`<NewHabitForm /> should render the heading 1`] = `
<form
  class="mt-6 flex w-full flex-col"
>
  <label
    class="font-semibold leading-tight"
    for="title"
  >
    Qual seu comprometimento?
  </label>
  <input
    class="mt-3 rounded-lg bg-zinc-800 p-4 text-white placeholder:text-zinc-400"
    id="title"
    placeholder="Exercícios, dormir bem, etc..."
    type="text"
  />
  <label
    class="mt-4 font-semibold leading-tight"
    for=""
  >
    Qual a recorrência?
  </label>
  <button
    class="mt-6 flex items-center justify-center gap-3 rounded-lg bg-green-600 p-4 font-semibold transition-colors hover:bg-green-500"
    type="submit"
  >
    <svg
      fill="currentColor"
      height="20"
      viewBox="0 0 256 256"
      width="20"
      xmlns="http://www.w3.org/2000/svg"
    >
      <rect
        fill="none"
        height="256"
        width="256"
      />
      <polyline
        fill="none"
        points="216 72 104 184 48 128"
        stroke="currentColor"
        stroke-linecap="round"
        stroke-linejoin="round"
        stroke-width="24"
      />
    </svg>
     Confirmar
  </button>
</form>
`;
