// Jest Snapshot v1, https://goo.gl/fbAQLP

exports[`<HabitDay /> should render the HabitDay 1`] = `
<button
  aria-controls="radix-:r0:"
  aria-expanded="false"
  aria-haspopup="dialog"
  class="h-10 w-10 rounded-lg border-2  border-violet-400 bg-violet-500"
  data-state="closed"
  type="button"
/>
`;
